2025-12-08 14:49:08 - __main__ - [32mINFO[0m - ================================================================================
2025-12-08 14:49:08 - __main__ - [32mINFO[0m - Face-Controlled Wheelchair System MARK II
2025-12-08 14:49:08 - __main__ - [32mINFO[0m - ================================================================================
2025-12-08 14:49:08 - __main__ - [32mINFO[0m - Initializing camera...
2025-12-08 14:49:08 - __main__ - [32mINFO[0m - Initializing camera (device 0, PICAMERA)
2025-12-08 14:49:10 - __main__ - [32mINFO[0m - Pi Camera initialized: 640x480
2025-12-08 14:49:10 - __main__ - [32mINFO[0m - Camera initialization successful
2025-12-08 14:49:10 - __main__ - [32mINFO[0m - Starting main control loop...
2025-12-08 14:49:10 - __main__ - [32mINFO[0m - Starting worker processes...
2025-12-08 14:49:10 - __main__ - [32mINFO[0m - Face Recognition Worker started
2025-12-08 14:49:10 - __main__ - [32mINFO[0m - Face Mesh Worker started
2025-12-08 14:49:10 - __main__ - [32mINFO[0m - Communication Worker started
2025-12-08 14:49:10 - __main__ - [32mINFO[0m - All 3 workers started successfully
2025-12-08 14:49:16 - __main__ - [33mWARNING[0m - Face lost
2025-12-08 14:49:30 - __main__ - [32mINFO[0m - FPS: 15.3, Frames: 300, User: None, Enabled: False
2025-12-08 14:49:39 - __main__ - [32mINFO[0m - Wheelchair ENABLED
2025-12-08 14:49:39 - __main__ - [33mWARNING[0m - Face lost
2025-12-08 14:49:40 - __main__ - [32mINFO[0m - Wheelchair DISABLED
2025-12-08 14:49:41 - __main__ - [33mWARNING[0m - Face lost
2025-12-08 14:49:41 - __main__ - [32mINFO[0m - Wheelchair ENABLED
2025-12-08 14:49:44 - __main__ - [32mINFO[0m - FPS: 17.7, Frames: 600, User: None, Enabled: True
2025-12-08 14:49:47 - __main__ - [32mINFO[0m - Wheelchair DISABLED
2025-12-08 14:49:48 - __main__ - [32mINFO[0m - Wheelchair ENABLED
2025-12-08 14:51:31 - __main__ - [32mINFO[0m - ================================================================================
2025-12-08 14:51:31 - __main__ - [32mINFO[0m - Face-Controlled Wheelchair System MARK II
2025-12-08 14:51:31 - __main__ - [32mINFO[0m - ================================================================================
2025-12-08 14:51:31 - __main__ - [32mINFO[0m - Initializing camera...
2025-12-08 14:51:31 - __main__ - [32mINFO[0m - Initializing camera (device 0, PICAMERA)
2025-12-08 14:51:31 - __main__ - [31mERROR[0m - picamera2 initialization failed: Failed to configure camera: Device or resource busy, falling back to CV2
2025-12-08 14:51:31 - __main__ - [32mINFO[0m - Initializing camera (device 0, CV2)
2025-12-08 14:51:31 - __main__ - [31mERROR[0m - Camera initialization failed: Failed to open camera with CV2
Traceback (most recent call last):
  File "/home/pi/bitirme/Face Pose Main/face-pose-main/MARK_II/src/Capture.py", line 115, in _initialize_camera
    self.cap.configure(config)
  File "/usr/lib/python3/dist-packages/picamera2/picamera2.py", line 1004, in configure
    self.configure_(camera_config)
  File "/usr/lib/python3/dist-packages/picamera2/picamera2.py", line 943, in configure_
    if self.camera.configure(libcamera_config):
RuntimeError: Failed to configure camera: Device or resource busy

During handling of the above exception, another exception occurred:

Traceback (most recent call last):
  File "/home/pi/bitirme/Face Pose Main/face-pose-main/MARK_II/src/Capture.py", line 87, in _initialize_camera
    raise CaptureError("Failed to open camera with CV2")
Capture.CaptureError: Failed to open camera with CV2
2025-12-08 14:51:31 - __main__ - [31mERROR[0m - Camera initialization failed: Failed to initialize camera: Failed to open camera with CV2
Traceback (most recent call last):
  File "/home/pi/bitirme/Face Pose Main/face-pose-main/MARK_II/src/Capture.py", line 115, in _initialize_camera
    self.cap.configure(config)
  File "/usr/lib/python3/dist-packages/picamera2/picamera2.py", line 1004, in configure
    self.configure_(camera_config)
  File "/usr/lib/python3/dist-packages/picamera2/picamera2.py", line 943, in configure_
    if self.camera.configure(libcamera_config):
RuntimeError: Failed to configure camera: Device or resource busy

During handling of the above exception, another exception occurred:

Traceback (most recent call last):
  File "/home/pi/bitirme/Face Pose Main/face-pose-main/MARK_II/src/Capture.py", line 87, in _initialize_camera
    raise CaptureError("Failed to open camera with CV2")
Capture.CaptureError: Failed to open camera with CV2

During handling of the above exception, another exception occurred:

Traceback (most recent call last):
  File "/home/pi/bitirme/Face Pose Main/face-pose-main/MARK_II/src/Capture.py", line 130, in _initialize_camera
    self._initialize_camera()
  File "/home/pi/bitirme/Face Pose Main/face-pose-main/MARK_II/src/Capture.py", line 140, in _initialize_camera
    raise CaptureError(f"Failed to initialize camera: {e}")
Capture.CaptureError: Failed to initialize camera: Failed to open camera with CV2
2025-12-08 14:51:31 - __main__ - [32mINFO[0m - Camera released
2025-12-08 14:53:03 - __main__ - [32mINFO[0m - ================================================================================
2025-12-08 14:53:03 - __main__ - [32mINFO[0m - Face-Controlled Wheelchair System MARK II
2025-12-08 14:53:03 - __main__ - [32mINFO[0m - ================================================================================
2025-12-08 14:53:03 - __main__ - [32mINFO[0m - Initializing camera...
2025-12-08 14:53:03 - __main__ - [32mINFO[0m - Initializing camera (device 0, PICAMERA)
2025-12-08 14:53:03 - __main__ - [31mERROR[0m - picamera2 initialization failed: Failed to configure camera: Device or resource busy, falling back to CV2
2025-12-08 14:53:03 - __main__ - [32mINFO[0m - Initializing camera (device 0, CV2)
2025-12-08 14:53:03 - __main__ - [31mERROR[0m - Camera initialization failed: Failed to open camera with CV2
Traceback (most recent call last):
  File "/home/pi/bitirme/Face Pose Main/face-pose-main/MARK_II/src/Capture.py", line 115, in _initialize_camera
    self.cap.configure(config)
  File "/usr/lib/python3/dist-packages/picamera2/picamera2.py", line 1004, in configure
    self.configure_(camera_config)
  File "/usr/lib/python3/dist-packages/picamera2/picamera2.py", line 943, in configure_
    if self.camera.configure(libcamera_config):
RuntimeError: Failed to configure camera: Device or resource busy

During handling of the above exception, another exception occurred:

Traceback (most recent call last):
  File "/home/pi/bitirme/Face Pose Main/face-pose-main/MARK_II/src/Capture.py", line 87, in _initialize_camera
    raise CaptureError("Failed to open camera with CV2")
Capture.CaptureError: Failed to open camera with CV2
2025-12-08 14:53:03 - __main__ - [31mERROR[0m - Camera initialization failed: Failed to initialize camera: Failed to open camera with CV2
Traceback (most recent call last):
  File "/home/pi/bitirme/Face Pose Main/face-pose-main/MARK_II/src/Capture.py", line 115, in _initialize_camera
    self.cap.configure(config)
  File "/usr/lib/python3/dist-packages/picamera2/picamera2.py", line 1004, in configure
    self.configure_(camera_config)
  File "/usr/lib/python3/dist-packages/picamera2/picamera2.py", line 943, in configure_
    if self.camera.configure(libcamera_config):
RuntimeError: Failed to configure camera: Device or resource busy

During handling of the above exception, another exception occurred:

Traceback (most recent call last):
  File "/home/pi/bitirme/Face Pose Main/face-pose-main/MARK_II/src/Capture.py", line 87, in _initialize_camera
    raise CaptureError("Failed to open camera with CV2")
Capture.CaptureError: Failed to open camera with CV2

During handling of the above exception, another exception occurred:

Traceback (most recent call last):
  File "/home/pi/bitirme/Face Pose Main/face-pose-main/MARK_II/src/Capture.py", line 130, in _initialize_camera
    self._initialize_camera()
  File "/home/pi/bitirme/Face Pose Main/face-pose-main/MARK_II/src/Capture.py", line 140, in _initialize_camera
    raise CaptureError(f"Failed to initialize camera: {e}")
Capture.CaptureError: Failed to initialize camera: Failed to open camera with CV2
2025-12-08 14:53:03 - __main__ - [32mINFO[0m - Camera released
2025-12-08 14:53:20 - __main__ - [32mINFO[0m - ================================================================================
2025-12-08 14:53:20 - __main__ - [32mINFO[0m - Face-Controlled Wheelchair System MARK II
2025-12-08 14:53:20 - __main__ - [32mINFO[0m - ================================================================================
2025-12-08 14:53:20 - __main__ - [32mINFO[0m - Initializing camera...
2025-12-08 14:53:20 - __main__ - [32mINFO[0m - Initializing camera (device 0, PICAMERA)
2025-12-08 14:53:20 - __main__ - [31mERROR[0m - picamera2 initialization failed: Failed to configure camera: Device or resource busy, falling back to CV2
2025-12-08 14:53:20 - __main__ - [32mINFO[0m - Initializing camera (device 0, CV2)
2025-12-08 14:53:20 - __main__ - [31mERROR[0m - Camera initialization failed: Failed to open camera with CV2
Traceback (most recent call last):
  File "/home/pi/bitirme/Face Pose Main/face-pose-main/MARK_II/src/Capture.py", line 115, in _initialize_camera
    self.cap.configure(config)
  File "/usr/lib/python3/dist-packages/picamera2/picamera2.py", line 1004, in configure
    self.configure_(camera_config)
  File "/usr/lib/python3/dist-packages/picamera2/picamera2.py", line 943, in configure_
    if self.camera.configure(libcamera_config):
RuntimeError: Failed to configure camera: Device or resource busy

During handling of the above exception, another exception occurred:

Traceback (most recent call last):
  File "/home/pi/bitirme/Face Pose Main/face-pose-main/MARK_II/src/Capture.py", line 87, in _initialize_camera
    raise CaptureError("Failed to open camera with CV2")
Capture.CaptureError: Failed to open camera with CV2
2025-12-08 14:53:20 - __main__ - [31mERROR[0m - Camera initialization failed: Failed to initialize camera: Failed to open camera with CV2
Traceback (most recent call last):
  File "/home/pi/bitirme/Face Pose Main/face-pose-main/MARK_II/src/Capture.py", line 115, in _initialize_camera
    self.cap.configure(config)
  File "/usr/lib/python3/dist-packages/picamera2/picamera2.py", line 1004, in configure
    self.configure_(camera_config)
  File "/usr/lib/python3/dist-packages/picamera2/picamera2.py", line 943, in configure_
    if self.camera.configure(libcamera_config):
RuntimeError: Failed to configure camera: Device or resource busy

During handling of the above exception, another exception occurred:

Traceback (most recent call last):
  File "/home/pi/bitirme/Face Pose Main/face-pose-main/MARK_II/src/Capture.py", line 87, in _initialize_camera
    raise CaptureError("Failed to open camera with CV2")
Capture.CaptureError: Failed to open camera with CV2

During handling of the above exception, another exception occurred:

Traceback (most recent call last):
  File "/home/pi/bitirme/Face Pose Main/face-pose-main/MARK_II/src/Capture.py", line 130, in _initialize_camera
    self._initialize_camera()
  File "/home/pi/bitirme/Face Pose Main/face-pose-main/MARK_II/src/Capture.py", line 140, in _initialize_camera
    raise CaptureError(f"Failed to initialize camera: {e}")
Capture.CaptureError: Failed to initialize camera: Failed to open camera with CV2
2025-12-08 14:53:20 - __main__ - [32mINFO[0m - Camera released
2025-12-08 14:54:49 - __main__ - [32mINFO[0m - ================================================================================
2025-12-08 14:54:49 - __main__ - [32mINFO[0m - Face-Controlled Wheelchair System MARK II
2025-12-08 14:54:49 - __main__ - [32mINFO[0m - ================================================================================
2025-12-08 14:54:49 - __main__ - [32mINFO[0m - Initializing camera...
2025-12-08 14:54:49 - __main__ - [32mINFO[0m - Initializing camera (device 0, PICAMERA)
2025-12-08 14:54:49 - __main__ - [31mERROR[0m - picamera2 initialization failed: Failed to configure camera: Device or resource busy, falling back to CV2
2025-12-08 14:54:49 - __main__ - [32mINFO[0m - Initializing camera (device 0, CV2)
2025-12-08 14:54:49 - __main__ - [31mERROR[0m - Camera initialization failed: Failed to open camera with CV2
Traceback (most recent call last):
  File "/home/pi/bitirme/Face Pose Main/face-pose-main/MARK_II/src/Capture.py", line 115, in _initialize_camera
    self.cap.configure(config)
  File "/usr/lib/python3/dist-packages/picamera2/picamera2.py", line 1004, in configure
    self.configure_(camera_config)
  File "/usr/lib/python3/dist-packages/picamera2/picamera2.py", line 943, in configure_
    if self.camera.configure(libcamera_config):
RuntimeError: Failed to configure camera: Device or resource busy

During handling of the above exception, another exception occurred:

Traceback (most recent call last):
  File "/home/pi/bitirme/Face Pose Main/face-pose-main/MARK_II/src/Capture.py", line 87, in _initialize_camera
    raise CaptureError("Failed to open camera with CV2")
Capture.CaptureError: Failed to open camera with CV2
2025-12-08 14:54:49 - __main__ - [31mERROR[0m - Camera initialization failed: Failed to initialize camera: Failed to open camera with CV2
Traceback (most recent call last):
  File "/home/pi/bitirme/Face Pose Main/face-pose-main/MARK_II/src/Capture.py", line 115, in _initialize_camera
    self.cap.configure(config)
  File "/usr/lib/python3/dist-packages/picamera2/picamera2.py", line 1004, in configure
    self.configure_(camera_config)
  File "/usr/lib/python3/dist-packages/picamera2/picamera2.py", line 943, in configure_
    if self.camera.configure(libcamera_config):
RuntimeError: Failed to configure camera: Device or resource busy

During handling of the above exception, another exception occurred:

Traceback (most recent call last):
  File "/home/pi/bitirme/Face Pose Main/face-pose-main/MARK_II/src/Capture.py", line 87, in _initialize_camera
    raise CaptureError("Failed to open camera with CV2")
Capture.CaptureError: Failed to open camera with CV2

During handling of the above exception, another exception occurred:

Traceback (most recent call last):
  File "/home/pi/bitirme/Face Pose Main/face-pose-main/MARK_II/src/Capture.py", line 130, in _initialize_camera
    self._initialize_camera()
  File "/home/pi/bitirme/Face Pose Main/face-pose-main/MARK_II/src/Capture.py", line 140, in _initialize_camera
    raise CaptureError(f"Failed to initialize camera: {e}")
Capture.CaptureError: Failed to initialize camera: Failed to open camera with CV2
2025-12-08 14:54:49 - __main__ - [32mINFO[0m - Camera released
2025-12-08 14:56:46 - __main__ - [32mINFO[0m - Received signal 15, initiating shutdown...
2025-12-08 14:56:46 - __main__ - [32mINFO[0m - Received signal 15, initiating shutdown...
2025-12-08 14:58:07 - __main__ - [32mINFO[0m - ================================================================================
2025-12-08 14:58:07 - __main__ - [32mINFO[0m - Face-Controlled Wheelchair System MARK II
2025-12-08 14:58:07 - __main__ - [32mINFO[0m - ================================================================================
2025-12-08 14:58:07 - __main__ - [32mINFO[0m - Initializing camera...
2025-12-08 14:58:07 - __main__ - [32mINFO[0m - Initializing camera (device 0, PICAMERA)
2025-12-08 14:58:09 - __main__ - [32mINFO[0m - Pi Camera initialized: 640x480
2025-12-08 14:58:09 - __main__ - [32mINFO[0m - Camera initialization successful
2025-12-08 14:58:09 - __main__ - [32mINFO[0m - Starting main control loop...
2025-12-08 14:58:09 - __main__ - [32mINFO[0m - Starting worker processes...
2025-12-08 14:58:09 - __main__ - [32mINFO[0m - Face Recognition Worker started
2025-12-08 14:58:09 - __main__ - [32mINFO[0m - Face Mesh Worker started
2025-12-08 14:58:09 - __main__ - [32mINFO[0m - Communication Worker started
2025-12-08 14:58:09 - __main__ - [32mINFO[0m - All 3 workers started successfully
2025-12-08 14:58:28 - __main__ - [32mINFO[0m - FPS: 16.1, Frames: 300, User: None, Enabled: False
2025-12-08 14:58:30 - __main__ - [33mWARNING[0m - Face lost
2025-12-08 15:56:25 - __main__ - [32mINFO[0m - ================================================================================
2025-12-08 15:56:25 - __main__ - [32mINFO[0m - Face-Controlled Wheelchair System MARK II
2025-12-08 15:56:25 - __main__ - [32mINFO[0m - ================================================================================
2025-12-08 15:56:25 - __main__ - [32mINFO[0m - Initializing camera...
2025-12-08 15:56:25 - __main__ - [32mINFO[0m - Initializing camera (device 0, PICAMERA)
2025-12-08 15:56:25 - __main__ - [31mERROR[0m - picamera2 initialization failed: Failed to configure camera: Device or resource busy, falling back to CV2
2025-12-08 15:56:25 - __main__ - [32mINFO[0m - Initializing camera (device 0, CV2)
2025-12-08 15:56:25 - __main__ - [31mERROR[0m - Camera initialization failed: Failed to open camera with CV2
Traceback (most recent call last):
  File "/home/pi/bitirme/Face Pose Main/face-pose-main/MARK_II/src/Capture.py", line 115, in _initialize_camera
    self.cap.configure(config)
  File "/usr/lib/python3/dist-packages/picamera2/picamera2.py", line 1004, in configure
    self.configure_(camera_config)
  File "/usr/lib/python3/dist-packages/picamera2/picamera2.py", line 943, in configure_
    if self.camera.configure(libcamera_config):
RuntimeError: Failed to configure camera: Device or resource busy

During handling of the above exception, another exception occurred:

Traceback (most recent call last):
  File "/home/pi/bitirme/Face Pose Main/face-pose-main/MARK_II/src/Capture.py", line 87, in _initialize_camera
    raise CaptureError("Failed to open camera with CV2")
Capture.CaptureError: Failed to open camera with CV2
2025-12-08 15:56:25 - __main__ - [31mERROR[0m - Camera initialization failed: Failed to initialize camera: Failed to open camera with CV2
Traceback (most recent call last):
  File "/home/pi/bitirme/Face Pose Main/face-pose-main/MARK_II/src/Capture.py", line 115, in _initialize_camera
    self.cap.configure(config)
  File "/usr/lib/python3/dist-packages/picamera2/picamera2.py", line 1004, in configure
    self.configure_(camera_config)
  File "/usr/lib/python3/dist-packages/picamera2/picamera2.py", line 943, in configure_
    if self.camera.configure(libcamera_config):
RuntimeError: Failed to configure camera: Device or resource busy

During handling of the above exception, another exception occurred:

Traceback (most recent call last):
  File "/home/pi/bitirme/Face Pose Main/face-pose-main/MARK_II/src/Capture.py", line 87, in _initialize_camera
    raise CaptureError("Failed to open camera with CV2")
Capture.CaptureError: Failed to open camera with CV2

During handling of the above exception, another exception occurred:

Traceback (most recent call last):
  File "/home/pi/bitirme/Face Pose Main/face-pose-main/MARK_II/src/Capture.py", line 130, in _initialize_camera
    self._initialize_camera()
  File "/home/pi/bitirme/Face Pose Main/face-pose-main/MARK_II/src/Capture.py", line 140, in _initialize_camera
    raise CaptureError(f"Failed to initialize camera: {e}")
Capture.CaptureError: Failed to initialize camera: Failed to open camera with CV2
2025-12-08 15:56:25 - __main__ - [32mINFO[0m - Camera released
2025-12-08 15:58:28 - __main__ - [32mINFO[0m - ================================================================================
2025-12-08 15:58:28 - __main__ - [32mINFO[0m - Face-Controlled Wheelchair System MARK II
2025-12-08 15:58:28 - __main__ - [32mINFO[0m - ================================================================================
2025-12-08 15:58:28 - __main__ - [32mINFO[0m - Initializing camera...
2025-12-08 15:58:28 - __main__ - [32mINFO[0m - Initializing camera (device 0, PICAMERA)
2025-12-08 15:58:31 - __main__ - [32mINFO[0m - Pi Camera initialized: 640x480
2025-12-08 15:58:31 - __main__ - [32mINFO[0m - Camera initialization successful
2025-12-08 15:58:31 - __main__ - [32mINFO[0m - Starting main control loop...
2025-12-08 15:58:31 - __main__ - [32mINFO[0m - Starting worker processes...
2025-12-08 15:58:31 - __main__ - [32mINFO[0m - Face Recognition Worker started
2025-12-08 15:58:31 - __main__ - [32mINFO[0m - Face Mesh Worker started
2025-12-08 15:58:31 - __main__ - [32mINFO[0m - Communication Worker started
2025-12-08 15:58:31 - __main__ - [32mINFO[0m - All 3 workers started successfully
2025-12-08 15:58:34 - __main__ - [33mWARNING[0m - Face lost
2025-12-08 15:58:39 - __main__ - [33mWARNING[0m - Frame capture error (count: 1): Frame validation failed
2025-12-08 15:58:39 - __main__ - [33mWARNING[0m - Failed to capture frame
2025-12-08 15:58:39 - __main__ - [33mWARNING[0m - Frame capture error (count: 2): Frame validation failed
2025-12-08 15:58:39 - __main__ - [33mWARNING[0m - Failed to capture frame
2025-12-08 15:58:39 - __main__ - [33mWARNING[0m - Frame capture error (count: 3): Frame validation failed
2025-12-08 15:58:39 - __main__ - [33mWARNING[0m - Failed to capture frame
2025-12-08 15:58:54 - __main__ - [32mINFO[0m - FPS: 12.9, Frames: 300, User: None, Enabled: False
2025-12-08 15:59:35 - __main__ - [32mINFO[0m - Received signal 2, initiating shutdown...
2025-12-08 15:59:35 - __main__ - [32mINFO[0m - Received signal 2, initiating shutdown...
2025-12-08 15:59:35 - __main__ - [32mINFO[0m - Received signal 2, initiating shutdown...
2025-12-08 15:59:41 - __main__ - [32mINFO[0m - Received signal 2, initiating shutdown...
2025-12-08 15:59:42 - __main__ - [32mINFO[0m - Received signal 2, initiating shutdown...
2025-12-08 15:59:42 - __main__ - [32mINFO[0m - Received signal 2, initiating shutdown...
2025-12-08 15:59:42 - __main__ - [32mINFO[0m - Received signal 2, initiating shutdown...
2025-12-08 15:59:43 - __main__ - [32mINFO[0m - Received signal 2, initiating shutdown...
2025-12-08 15:59:43 - __main__ - [32mINFO[0m - Received signal 2, initiating shutdown...
2025-12-08 15:59:43 - __main__ - [32mINFO[0m - Received signal 2, initiating shutdown...
2025-12-08 15:59:43 - __main__ - [32mINFO[0m - Received signal 2, initiating shutdown...
2025-12-08 15:59:43 - __main__ - [32mINFO[0m - Received signal 2, initiating shutdown...
2025-12-08 15:59:43 - __main__ - [32mINFO[0m - Received signal 2, initiating shutdown...
2025-12-08 15:59:44 - __main__ - [32mINFO[0m - Received signal 2, initiating shutdown...
2025-12-08 15:59:44 - __main__ - [32mINFO[0m - Received signal 2, initiating shutdown...
2025-12-08 15:59:44 - __main__ - [32mINFO[0m - Received signal 2, initiating shutdown...
2025-12-08 15:59:44 - __main__ - [32mINFO[0m - Received signal 2, initiating shutdown...
2025-12-08 15:59:44 - __main__ - [32mINFO[0m - Received signal 2, initiating shutdown...
2025-12-08 15:59:45 - __main__ - [32mINFO[0m - Received signal 2, initiating shutdown...
2025-12-08 15:59:52 - __main__ - [32mINFO[0m - Received signal 2, initiating shutdown...
2025-12-08 15:59:53 - __main__ - [32mINFO[0m - Received signal 2, initiating shutdown...
2025-12-08 15:59:53 - __main__ - [32mINFO[0m - Received signal 2, initiating shutdown...
2025-12-08 15:59:53 - __main__ - [32mINFO[0m - Received signal 2, initiating shutdown...
2025-12-08 15:59:53 - __main__ - [32mINFO[0m - Received signal 2, initiating shutdown...
2025-12-08 15:59:53 - __main__ - [32mINFO[0m - Received signal 2, initiating shutdown...
2025-12-08 15:59:53 - __main__ - [32mINFO[0m - Received signal 2, initiating shutdown...
2025-12-08 15:59:53 - __main__ - [32mINFO[0m - Received signal 2, initiating shutdown...
2025-12-08 15:59:53 - __main__ - [32mINFO[0m - Received signal 2, initiating shutdown...
2025-12-08 15:59:53 - __main__ - [32mINFO[0m - Received signal 2, initiating shutdown...
2025-12-08 15:59:53 - __main__ - [32mINFO[0m - Received signal 2, initiating shutdown...
2025-12-08 15:59:53 - __main__ - [32mINFO[0m - Received signal 2, initiating shutdown...
2025-12-08 15:59:53 - __main__ - [32mINFO[0m - Received signal 2, initiating shutdown...
2025-12-08 15:59:53 - __main__ - [32mINFO[0m - Received signal 2, initiating shutdown...
2025-12-08 15:59:53 - __main__ - [32mINFO[0m - Received signal 2, initiating shutdown...
2025-12-08 15:59:53 - __main__ - [32mINFO[0m - Received signal 2, initiating shutdown...
2025-12-08 15:59:53 - __main__ - [32mINFO[0m - Received signal 2, initiating shutdown...
2025-12-08 15:59:53 - __main__ - [32mINFO[0m - Received signal 2, initiating shutdown...
2025-12-08 15:59:53 - __main__ - [32mINFO[0m - Received signal 2, initiating shutdown...
2025-12-08 15:59:53 - __main__ - [32mINFO[0m - Received signal 2, initiating shutdown...
2025-12-08 15:59:53 - __main__ - [32mINFO[0m - Received signal 2, initiating shutdown...
2025-12-08 15:59:53 - __main__ - [32mINFO[0m - Received signal 2, initiating shutdown...
2025-12-08 15:59:53 - __main__ - [32mINFO[0m - Received signal 2, initiating shutdown...
2025-12-08 15:59:53 - __main__ - [32mINFO[0m - Received signal 2, initiating shutdown...
2025-12-08 15:59:53 - __main__ - [32mINFO[0m - Received signal 2, initiating shutdown...
2025-12-08 15:59:53 - __main__ - [32mINFO[0m - Received signal 2, initiating shutdown...
2025-12-08 15:59:53 - __main__ - [32mINFO[0m - Received signal 2, initiating shutdown...
2025-12-08 15:59:53 - __main__ - [32mINFO[0m - Received signal 2, initiating shutdown...
2025-12-08 15:59:53 - __main__ - [32mINFO[0m - Received signal 2, initiating shutdown...
2025-12-08 15:59:53 - __main__ - [32mINFO[0m - Received signal 2, initiating shutdown...
2025-12-08 15:59:54 - __main__ - [32mINFO[0m - Received signal 2, initiating shutdown...
2025-12-08 15:59:54 - __main__ - [32mINFO[0m - Received signal 2, initiating shutdown...
2025-12-08 15:59:54 - __main__ - [32mINFO[0m - Received signal 2, initiating shutdown...
2025-12-08 15:59:54 - __main__ - [32mINFO[0m - Received signal 2, initiating shutdown...
2025-12-08 15:59:54 - __main__ - [32mINFO[0m - Received signal 2, initiating shutdown...
2025-12-08 15:59:54 - __main__ - [32mINFO[0m - Received signal 2, initiating shutdown...
2025-12-08 15:59:54 - __main__ - [32mINFO[0m - Received signal 2, initiating shutdown...
2025-12-08 15:59:54 - __main__ - [32mINFO[0m - Received signal 2, initiating shutdown...
2025-12-08 15:59:54 - __main__ - [32mINFO[0m - Received signal 2, initiating shutdown...
2025-12-08 15:59:54 - __main__ - [32mINFO[0m - Received signal 2, initiating shutdown...
2025-12-08 15:59:54 - __main__ - [32mINFO[0m - Received signal 2, initiating shutdown...
2025-12-08 15:59:54 - __main__ - [32mINFO[0m - Received signal 2, initiating shutdown...
2025-12-08 15:59:54 - __main__ - [32mINFO[0m - Received signal 2, initiating shutdown...
2025-12-08 15:59:54 - __main__ - [32mINFO[0m - Received signal 2, initiating shutdown...
2025-12-08 15:59:54 - __main__ - [32mINFO[0m - Received signal 2, initiating shutdown...
2025-12-08 15:59:54 - __main__ - [32mINFO[0m - Received signal 2, initiating shutdown...
2025-12-08 15:59:54 - __main__ - [32mINFO[0m - Received signal 2, initiating shutdown...
2025-12-08 15:59:54 - __main__ - [32mINFO[0m - Received signal 2, initiating shutdown...
2025-12-08 15:59:54 - __main__ - [32mINFO[0m - Received signal 2, initiating shutdown...
2025-12-08 15:59:54 - __main__ - [32mINFO[0m - Received signal 2, initiating shutdown...
2025-12-08 15:59:54 - __main__ - [32mINFO[0m - Received signal 2, initiating shutdown...
2025-12-08 15:59:54 - __main__ - [32mINFO[0m - Received signal 2, initiating shutdown...
2025-12-08 15:59:54 - __main__ - [32mINFO[0m - Received signal 2, initiating shutdown...
2025-12-08 15:59:54 - __main__ - [32mINFO[0m - Received signal 2, initiating shutdown...
2025-12-08 15:59:54 - __main__ - [32mINFO[0m - Received signal 2, initiating shutdown...
2025-12-08 15:59:54 - __main__ - [32mINFO[0m - Received signal 2, initiating shutdown...
2025-12-08 15:59:54 - __main__ - [32mINFO[0m - Received signal 2, initiating shutdown...
2025-12-08 15:59:54 - __main__ - [32mINFO[0m - Received signal 2, initiating shutdown...
2025-12-08 15:59:54 - __main__ - [32mINFO[0m - Received signal 2, initiating shutdown...
2025-12-08 15:59:54 - __main__ - [32mINFO[0m - Received signal 2, initiating shutdown...
2025-12-08 15:59:54 - __main__ - [32mINFO[0m - Received signal 2, initiating shutdown...
2025-12-08 15:59:54 - __main__ - [32mINFO[0m - Received signal 2, initiating shutdown...
2025-12-08 15:59:55 - __main__ - [32mINFO[0m - Received signal 2, initiating shutdown...
2025-12-08 15:59:55 - __main__ - [32mINFO[0m - Received signal 2, initiating shutdown...
2025-12-08 15:59:55 - __main__ - [32mINFO[0m - Received signal 2, initiating shutdown...
2025-12-08 15:59:55 - __main__ - [32mINFO[0m - Received signal 2, initiating shutdown...
2025-12-08 15:59:55 - __main__ - [32mINFO[0m - Received signal 2, initiating shutdown...
2025-12-08 15:59:55 - __main__ - [32mINFO[0m - Received signal 2, initiating shutdown...
2025-12-08 15:59:55 - __main__ - [32mINFO[0m - Received signal 2, initiating shutdown...
2025-12-08 15:59:55 - __main__ - [32mINFO[0m - Received signal 2, initiating shutdown...
2025-12-08 15:59:55 - __main__ - [32mINFO[0m - Received signal 2, initiating shutdown...
2025-12-08 15:59:55 - __main__ - [32mINFO[0m - Received signal 2, initiating shutdown...
2025-12-08 15:59:55 - __main__ - [32mINFO[0m - Received signal 2, initiating shutdown...
2025-12-08 15:59:55 - __main__ - [32mINFO[0m - Received signal 2, initiating shutdown...
2025-12-08 15:59:55 - __main__ - [32mINFO[0m - Received signal 2, initiating shutdown...
2025-12-08 15:59:55 - __main__ - [32mINFO[0m - Received signal 2, initiating shutdown...
2025-12-08 15:59:55 - __main__ - [32mINFO[0m - Received signal 2, initiating shutdown...
2025-12-08 15:59:55 - __main__ - [32mINFO[0m - Received signal 2, initiating shutdown...
2025-12-08 15:59:55 - __main__ - [32mINFO[0m - Received signal 2, initiating shutdown...
2025-12-08 15:59:55 - __main__ - [32mINFO[0m - Received signal 2, initiating shutdown...
