2025-11-24 14:23:11 - __main__ - [32mINFO[0m - ================================================================================
2025-11-24 14:23:11 - __main__ - [32mINFO[0m - Face-Controlled Wheelchair System MARK II
2025-11-24 14:23:11 - __main__ - [32mINFO[0m - ================================================================================
2025-11-24 14:23:11 - __main__ - [32mINFO[0m - Initializing camera...
2025-11-24 14:23:11 - __main__ - [32mINFO[0m - Initializing camera (device 0, PICAMERA)
2025-11-24 14:23:12 - __main__ - [31mERROR[0m - Camera initialization failed: Failed to start camera: Remote I/O error
Traceback (most recent call last):
  File "/home/pi/bitirme/Face Pose Main/face-pose-main/MARK_II/src/Capture.py", line 110, in _initialize_camera
    self.cap.start()
  File "/usr/lib/python3/dist-packages/picamera2/picamera2.py", line 1055, in start
    self.start_()
  File "/usr/lib/python3/dist-packages/picamera2/picamera2.py", line 1023, in start_
    self.camera.start(controls)
RuntimeError: Failed to start camera: Remote I/O error
2025-11-24 14:23:12 - __main__ - [32mINFO[0m - Camera released
2025-11-24 14:24:48 - __main__ - [32mINFO[0m - ================================================================================
2025-11-24 14:24:48 - __main__ - [32mINFO[0m - Face-Controlled Wheelchair System MARK II
2025-11-24 14:24:48 - __main__ - [32mINFO[0m - ================================================================================
2025-11-24 14:24:48 - __main__ - [32mINFO[0m - Initializing camera...
2025-11-24 14:24:48 - __main__ - [32mINFO[0m - Initializing camera (device 0, PICAMERA)
2025-11-24 14:24:48 - __main__ - [31mERROR[0m - picamera2 initialization failed: Failed to start camera: Remote I/O error, falling back to CV2
2025-11-24 14:24:48 - __main__ - [32mINFO[0m - Initializing camera (device 0, CV2)
2025-11-24 14:24:48 - __main__ - [31mERROR[0m - Camera initialization failed: Failed to open camera with CV2
Traceback (most recent call last):
  File "/home/pi/bitirme/Face Pose Main/face-pose-main/MARK_II/src/Capture.py", line 118, in _initialize_camera
    self.cap.start()
  File "/usr/lib/python3/dist-packages/picamera2/picamera2.py", line 1055, in start
    self.start_()
  File "/usr/lib/python3/dist-packages/picamera2/picamera2.py", line 1023, in start_
    self.camera.start(controls)
RuntimeError: Failed to start camera: Remote I/O error

During handling of the above exception, another exception occurred:

Traceback (most recent call last):
  File "/home/pi/bitirme/Face Pose Main/face-pose-main/MARK_II/src/Capture.py", line 87, in _initialize_camera
    raise CaptureError("Failed to open camera with CV2")
Capture.CaptureError: Failed to open camera with CV2
2025-11-24 14:24:48 - __main__ - [31mERROR[0m - Camera initialization failed: Failed to initialize camera: Failed to open camera with CV2
Traceback (most recent call last):
  File "/home/pi/bitirme/Face Pose Main/face-pose-main/MARK_II/src/Capture.py", line 118, in _initialize_camera
    self.cap.start()
  File "/usr/lib/python3/dist-packages/picamera2/picamera2.py", line 1055, in start
    self.start_()
  File "/usr/lib/python3/dist-packages/picamera2/picamera2.py", line 1023, in start_
    self.camera.start(controls)
RuntimeError: Failed to start camera: Remote I/O error

During handling of the above exception, another exception occurred:

Traceback (most recent call last):
  File "/home/pi/bitirme/Face Pose Main/face-pose-main/MARK_II/src/Capture.py", line 87, in _initialize_camera
    raise CaptureError("Failed to open camera with CV2")
Capture.CaptureError: Failed to open camera with CV2

During handling of the above exception, another exception occurred:

Traceback (most recent call last):
  File "/home/pi/bitirme/Face Pose Main/face-pose-main/MARK_II/src/Capture.py", line 130, in _initialize_camera
    self._initialize_camera()
  File "/home/pi/bitirme/Face Pose Main/face-pose-main/MARK_II/src/Capture.py", line 140, in _initialize_camera
    raise CaptureError(f"Failed to initialize camera: {e}")
Capture.CaptureError: Failed to initialize camera: Failed to open camera with CV2
2025-11-24 14:24:49 - __main__ - [32mINFO[0m - Camera released
2025-11-24 14:29:42 - __main__ - [32mINFO[0m - ================================================================================
2025-11-24 14:29:42 - __main__ - [32mINFO[0m - Face-Controlled Wheelchair System MARK II
2025-11-24 14:29:42 - __main__ - [32mINFO[0m - ================================================================================
2025-11-24 14:29:42 - __main__ - [32mINFO[0m - Initializing camera...
2025-11-24 14:29:42 - __main__ - [32mINFO[0m - Initializing camera (device 0, PICAMERA)
2025-11-24 14:29:43 - __main__ - [31mERROR[0m - picamera2 initialization failed: Failed to start camera: Remote I/O error, falling back to CV2
2025-11-24 14:29:43 - __main__ - [32mINFO[0m - Initializing camera (device 0, CV2)
2025-11-24 14:29:43 - __main__ - [31mERROR[0m - Camera initialization failed: Failed to open camera with CV2
Traceback (most recent call last):
  File "/home/pi/bitirme/Face Pose Main/face-pose-main/MARK_II/src/Capture.py", line 118, in _initialize_camera
    self.cap.start()
  File "/usr/lib/python3/dist-packages/picamera2/picamera2.py", line 1055, in start
    self.start_()
  File "/usr/lib/python3/dist-packages/picamera2/picamera2.py", line 1023, in start_
    self.camera.start(controls)
RuntimeError: Failed to start camera: Remote I/O error

During handling of the above exception, another exception occurred:

Traceback (most recent call last):
  File "/home/pi/bitirme/Face Pose Main/face-pose-main/MARK_II/src/Capture.py", line 87, in _initialize_camera
    raise CaptureError("Failed to open camera with CV2")
Capture.CaptureError: Failed to open camera with CV2
2025-11-24 14:29:43 - __main__ - [31mERROR[0m - Camera initialization failed: Failed to initialize camera: Failed to open camera with CV2
Traceback (most recent call last):
  File "/home/pi/bitirme/Face Pose Main/face-pose-main/MARK_II/src/Capture.py", line 118, in _initialize_camera
    self.cap.start()
  File "/usr/lib/python3/dist-packages/picamera2/picamera2.py", line 1055, in start
    self.start_()
  File "/usr/lib/python3/dist-packages/picamera2/picamera2.py", line 1023, in start_
    self.camera.start(controls)
RuntimeError: Failed to start camera: Remote I/O error

During handling of the above exception, another exception occurred:

Traceback (most recent call last):
  File "/home/pi/bitirme/Face Pose Main/face-pose-main/MARK_II/src/Capture.py", line 87, in _initialize_camera
    raise CaptureError("Failed to open camera with CV2")
Capture.CaptureError: Failed to open camera with CV2

During handling of the above exception, another exception occurred:

Traceback (most recent call last):
  File "/home/pi/bitirme/Face Pose Main/face-pose-main/MARK_II/src/Capture.py", line 130, in _initialize_camera
    self._initialize_camera()
  File "/home/pi/bitirme/Face Pose Main/face-pose-main/MARK_II/src/Capture.py", line 140, in _initialize_camera
    raise CaptureError(f"Failed to initialize camera: {e}")
Capture.CaptureError: Failed to initialize camera: Failed to open camera with CV2
2025-11-24 14:29:43 - __main__ - [32mINFO[0m - Camera released
2025-11-24 15:03:26 - __main__ - [32mINFO[0m - ================================================================================
2025-11-24 15:03:26 - __main__ - [32mINFO[0m - Face-Controlled Wheelchair System MARK II
2025-11-24 15:03:26 - __main__ - [32mINFO[0m - ================================================================================
2025-11-24 15:03:26 - __main__ - [32mINFO[0m - Initializing camera...
2025-11-24 15:03:26 - __main__ - [32mINFO[0m - Initializing camera (device 0, PICAMERA)
2025-11-24 15:03:29 - __main__ - [32mINFO[0m - Pi Camera initialized: 640x480
2025-11-24 15:03:29 - __main__ - [32mINFO[0m - Camera initialization successful
2025-11-24 15:03:29 - __main__ - [32mINFO[0m - Starting main control loop...
2025-11-24 15:03:29 - __main__ - [32mINFO[0m - Starting worker processes...
2025-11-24 15:03:29 - __main__ - [32mINFO[0m - Face Recognition Worker started
2025-11-24 15:03:29 - __main__ - [32mINFO[0m - Face Mesh Worker started
2025-11-24 15:03:29 - __main__ - [32mINFO[0m - Communication Worker started
2025-11-24 15:03:29 - __main__ - [32mINFO[0m - All 3 workers started successfully
2025-11-24 15:03:31 - __main__ - [31mERROR[0m - Error in main loop: 'Capture' object has no attribute 'read'
Traceback (most recent call last):
  File "/home/pi/bitirme/Face Pose Main/face-pose-main/MARK_II/src/main.py", line 389, in run
    frame = self.capture.read()
AttributeError: 'Capture' object has no attribute 'read'
2025-11-24 15:03:31 - __main__ - [32mINFO[0m - Initiating shutdown...
2025-11-24 15:03:31 - __main__ - [32mINFO[0m - Stopping workers...
2025-11-24 15:03:36 - __main__ - [33mWARNING[0m - Worker FaceRecognitionWorker did not stop, terminating...
2025-11-24 15:03:38 - __main__ - [32mINFO[0m - Releasing camera...
2025-11-24 15:03:38 - __main__ - [32mINFO[0m - Camera released
2025-11-24 15:03:38 - __main__ - [32mINFO[0m - Session statistics: 0 frames in 9.2s (0.0 FPS)
2025-11-24 15:03:38 - __main__ - [32mINFO[0m - Shutdown complete
2025-11-24 15:03:38 - __main__ - [32mINFO[0m - Received signal 15, initiating shutdown...
2025-11-24 15:48:53 - __main__ - [32mINFO[0m - ================================================================================
2025-11-24 15:48:53 - __main__ - [32mINFO[0m - Face-Controlled Wheelchair System MARK II
2025-11-24 15:48:53 - __main__ - [32mINFO[0m - ================================================================================
2025-11-24 15:48:53 - __main__ - [32mINFO[0m - Initializing camera...
2025-11-24 15:48:53 - __main__ - [32mINFO[0m - Initializing camera (device 0, PICAMERA)
2025-11-24 15:48:56 - __main__ - [32mINFO[0m - Pi Camera initialized: 640x480
2025-11-24 15:48:56 - __main__ - [32mINFO[0m - Camera initialization successful
2025-11-24 15:48:56 - __main__ - [32mINFO[0m - Starting main control loop...
2025-11-24 15:48:56 - __main__ - [32mINFO[0m - Starting worker processes...
2025-11-24 15:48:56 - __main__ - [32mINFO[0m - Face Recognition Worker started
2025-11-24 15:48:56 - __main__ - [32mINFO[0m - Face Mesh Worker started
2025-11-24 15:48:56 - __main__ - [32mINFO[0m - Communication Worker started
2025-11-24 15:48:56 - __main__ - [32mINFO[0m - All 3 workers started successfully
2025-11-24 15:48:58 - __main__ - [31mERROR[0m - Error in main loop: 'Capture' object has no attribute 'read'
Traceback (most recent call last):
  File "/home/pi/bitirme/Face Pose Main/face-pose-main/MARK_II/src/main.py", line 389, in run
    frame = self.capture.read()
AttributeError: 'Capture' object has no attribute 'read'
2025-11-24 15:48:58 - __main__ - [32mINFO[0m - Initiating shutdown...
2025-11-24 15:48:58 - __main__ - [32mINFO[0m - Stopping workers...
2025-11-24 15:49:03 - __main__ - [33mWARNING[0m - Worker FaceRecognitionWorker did not stop, terminating...
2025-11-24 15:49:05 - __main__ - [32mINFO[0m - Releasing camera...
2025-11-24 15:49:05 - __main__ - [32mINFO[0m - Camera released
2025-11-24 15:49:05 - __main__ - [32mINFO[0m - Session statistics: 0 frames in 9.3s (0.0 FPS)
2025-11-24 15:49:05 - __main__ - [32mINFO[0m - Shutdown complete
2025-11-24 15:49:06 - __main__ - [32mINFO[0m - Received signal 15, initiating shutdown...
2025-11-24 15:52:40 - __main__ - [32mINFO[0m - ================================================================================
2025-11-24 15:52:40 - __main__ - [32mINFO[0m - Face-Controlled Wheelchair System MARK II
2025-11-24 15:52:40 - __main__ - [32mINFO[0m - ================================================================================
2025-11-24 15:52:40 - __main__ - [32mINFO[0m - Initializing camera...
2025-11-24 15:52:40 - __main__ - [32mINFO[0m - Initializing camera (device 0, PICAMERA)
2025-11-24 15:52:43 - __main__ - [32mINFO[0m - Pi Camera initialized: 640x480
2025-11-24 15:52:43 - __main__ - [32mINFO[0m - Camera initialization successful
2025-11-24 15:52:43 - __main__ - [32mINFO[0m - Starting main control loop...
2025-11-24 15:52:43 - __main__ - [32mINFO[0m - Starting worker processes...
2025-11-24 15:52:43 - __main__ - [32mINFO[0m - Face Recognition Worker started
2025-11-24 15:52:43 - __main__ - [32mINFO[0m - Face Mesh Worker started
2025-11-24 15:52:43 - __main__ - [32mINFO[0m - Communication Worker started
2025-11-24 15:52:43 - __main__ - [32mINFO[0m - All 3 workers started successfully
2025-11-24 15:55:01 - __main__ - [32mINFO[0m - Received signal 2, initiating shutdown...
2025-11-24 15:55:01 - __main__ - [32mINFO[0m - Received signal 2, initiating shutdown...
2025-11-24 15:55:01 - __main__ - [32mINFO[0m - Received signal 2, initiating shutdown...
2025-11-24 15:56:31 - __main__ - [32mINFO[0m - ================================================================================
2025-11-24 15:56:31 - __main__ - [32mINFO[0m - Face-Controlled Wheelchair System MARK II
2025-11-24 15:56:31 - __main__ - [32mINFO[0m - ================================================================================
2025-11-24 15:56:31 - __main__ - [32mINFO[0m - Initializing camera...
2025-11-24 15:56:31 - __main__ - [32mINFO[0m - Initializing camera (device 0, PICAMERA)
2025-11-24 15:56:31 - __main__ - [31mERROR[0m - picamera2 initialization failed: Camera __init__ sequence did not complete., falling back to CV2
2025-11-24 15:56:31 - __main__ - [32mINFO[0m - Initializing camera (device 0, CV2)
2025-11-24 15:56:31 - __main__ - [31mERROR[0m - Camera initialization failed: Failed to open camera with CV2
Traceback (most recent call last):
  File "/usr/lib/python3/dist-packages/picamera2/picamera2.py", line 242, in __init__
    self._open_camera()
  File "/usr/lib/python3/dist-packages/picamera2/picamera2.py", line 446, in _open_camera
    self.camera.acquire()
RuntimeError: Failed to acquire camera: Device or resource busy

During handling of the above exception, another exception occurred:

Traceback (most recent call last):
  File "/home/pi/bitirme/Face Pose Main/face-pose-main/MARK_II/src/Capture.py", line 109, in _initialize_camera
    self.cap = Picamera2()
  File "/usr/lib/python3/dist-packages/picamera2/picamera2.py", line 254, in __init__
    raise RuntimeError("Camera __init__ sequence did not complete.")
RuntimeError: Camera __init__ sequence did not complete.

During handling of the above exception, another exception occurred:

Traceback (most recent call last):
  File "/home/pi/bitirme/Face Pose Main/face-pose-main/MARK_II/src/Capture.py", line 87, in _initialize_camera
    raise CaptureError("Failed to open camera with CV2")
Capture.CaptureError: Failed to open camera with CV2
2025-11-24 15:56:31 - __main__ - [31mERROR[0m - Camera initialization failed: Failed to initialize camera: Failed to open camera with CV2
Traceback (most recent call last):
  File "/usr/lib/python3/dist-packages/picamera2/picamera2.py", line 242, in __init__
    self._open_camera()
  File "/usr/lib/python3/dist-packages/picamera2/picamera2.py", line 446, in _open_camera
    self.camera.acquire()
RuntimeError: Failed to acquire camera: Device or resource busy

During handling of the above exception, another exception occurred:

Traceback (most recent call last):
  File "/home/pi/bitirme/Face Pose Main/face-pose-main/MARK_II/src/Capture.py", line 109, in _initialize_camera
    self.cap = Picamera2()
  File "/usr/lib/python3/dist-packages/picamera2/picamera2.py", line 254, in __init__
    raise RuntimeError("Camera __init__ sequence did not complete.")
RuntimeError: Camera __init__ sequence did not complete.

During handling of the above exception, another exception occurred:

Traceback (most recent call last):
  File "/home/pi/bitirme/Face Pose Main/face-pose-main/MARK_II/src/Capture.py", line 87, in _initialize_camera
    raise CaptureError("Failed to open camera with CV2")
Capture.CaptureError: Failed to open camera with CV2

During handling of the above exception, another exception occurred:

Traceback (most recent call last):
  File "/home/pi/bitirme/Face Pose Main/face-pose-main/MARK_II/src/Capture.py", line 130, in _initialize_camera
    self._initialize_camera()
  File "/home/pi/bitirme/Face Pose Main/face-pose-main/MARK_II/src/Capture.py", line 140, in _initialize_camera
    raise CaptureError(f"Failed to initialize camera: {e}")
Capture.CaptureError: Failed to initialize camera: Failed to open camera with CV2
2025-11-24 15:56:32 - __main__ - [32mINFO[0m - Camera released
2025-11-24 15:57:42 - __main__ - [32mINFO[0m - ================================================================================
2025-11-24 15:57:42 - __main__ - [32mINFO[0m - Face-Controlled Wheelchair System MARK II
2025-11-24 15:57:42 - __main__ - [32mINFO[0m - ================================================================================
2025-11-24 15:57:42 - __main__ - [32mINFO[0m - Initializing camera...
2025-11-24 15:57:42 - __main__ - [32mINFO[0m - Initializing camera (device 0, PICAMERA)
2025-11-24 15:57:42 - __main__ - [31mERROR[0m - picamera2 initialization failed: Camera __init__ sequence did not complete., falling back to CV2
2025-11-24 15:57:42 - __main__ - [32mINFO[0m - Initializing camera (device 0, CV2)
2025-11-24 15:57:42 - __main__ - [31mERROR[0m - Camera initialization failed: Failed to open camera with CV2
Traceback (most recent call last):
  File "/usr/lib/python3/dist-packages/picamera2/picamera2.py", line 242, in __init__
    self._open_camera()
  File "/usr/lib/python3/dist-packages/picamera2/picamera2.py", line 446, in _open_camera
    self.camera.acquire()
RuntimeError: Failed to acquire camera: Device or resource busy

During handling of the above exception, another exception occurred:

Traceback (most recent call last):
  File "/home/pi/bitirme/Face Pose Main/face-pose-main/MARK_II/src/Capture.py", line 109, in _initialize_camera
    self.cap = Picamera2()
  File "/usr/lib/python3/dist-packages/picamera2/picamera2.py", line 254, in __init__
    raise RuntimeError("Camera __init__ sequence did not complete.")
RuntimeError: Camera __init__ sequence did not complete.

During handling of the above exception, another exception occurred:

Traceback (most recent call last):
  File "/home/pi/bitirme/Face Pose Main/face-pose-main/MARK_II/src/Capture.py", line 87, in _initialize_camera
    raise CaptureError("Failed to open camera with CV2")
Capture.CaptureError: Failed to open camera with CV2
2025-11-24 15:57:42 - __main__ - [31mERROR[0m - Camera initialization failed: Failed to initialize camera: Failed to open camera with CV2
Traceback (most recent call last):
  File "/usr/lib/python3/dist-packages/picamera2/picamera2.py", line 242, in __init__
    self._open_camera()
  File "/usr/lib/python3/dist-packages/picamera2/picamera2.py", line 446, in _open_camera
    self.camera.acquire()
RuntimeError: Failed to acquire camera: Device or resource busy

During handling of the above exception, another exception occurred:

Traceback (most recent call last):
  File "/home/pi/bitirme/Face Pose Main/face-pose-main/MARK_II/src/Capture.py", line 109, in _initialize_camera
    self.cap = Picamera2()
  File "/usr/lib/python3/dist-packages/picamera2/picamera2.py", line 254, in __init__
    raise RuntimeError("Camera __init__ sequence did not complete.")
RuntimeError: Camera __init__ sequence did not complete.

During handling of the above exception, another exception occurred:

Traceback (most recent call last):
  File "/home/pi/bitirme/Face Pose Main/face-pose-main/MARK_II/src/Capture.py", line 87, in _initialize_camera
    raise CaptureError("Failed to open camera with CV2")
Capture.CaptureError: Failed to open camera with CV2

During handling of the above exception, another exception occurred:

Traceback (most recent call last):
  File "/home/pi/bitirme/Face Pose Main/face-pose-main/MARK_II/src/Capture.py", line 130, in _initialize_camera
    self._initialize_camera()
  File "/home/pi/bitirme/Face Pose Main/face-pose-main/MARK_II/src/Capture.py", line 140, in _initialize_camera
    raise CaptureError(f"Failed to initialize camera: {e}")
Capture.CaptureError: Failed to initialize camera: Failed to open camera with CV2
2025-11-24 15:57:42 - __main__ - [32mINFO[0m - Camera released
2025-11-24 15:58:22 - __main__ - [32mINFO[0m - ================================================================================
2025-11-24 15:58:22 - __main__ - [32mINFO[0m - Face-Controlled Wheelchair System MARK II
2025-11-24 15:58:22 - __main__ - [32mINFO[0m - ================================================================================
2025-11-24 15:58:22 - __main__ - [32mINFO[0m - Initializing camera...
2025-11-24 15:58:22 - __main__ - [32mINFO[0m - Initializing camera (device 0, PICAMERA)
2025-11-24 15:58:23 - __main__ - [31mERROR[0m - picamera2 initialization failed: Camera __init__ sequence did not complete., falling back to CV2
2025-11-24 15:58:23 - __main__ - [32mINFO[0m - Initializing camera (device 0, CV2)
2025-11-24 15:58:23 - __main__ - [31mERROR[0m - Camera initialization failed: Failed to open camera with CV2
Traceback (most recent call last):
  File "/usr/lib/python3/dist-packages/picamera2/picamera2.py", line 242, in __init__
    self._open_camera()
  File "/usr/lib/python3/dist-packages/picamera2/picamera2.py", line 446, in _open_camera
    self.camera.acquire()
RuntimeError: Failed to acquire camera: Device or resource busy

During handling of the above exception, another exception occurred:

Traceback (most recent call last):
  File "/home/pi/bitirme/Face Pose Main/face-pose-main/MARK_II/src/Capture.py", line 109, in _initialize_camera
    self.cap = Picamera2()
  File "/usr/lib/python3/dist-packages/picamera2/picamera2.py", line 254, in __init__
    raise RuntimeError("Camera __init__ sequence did not complete.")
RuntimeError: Camera __init__ sequence did not complete.

During handling of the above exception, another exception occurred:

Traceback (most recent call last):
  File "/home/pi/bitirme/Face Pose Main/face-pose-main/MARK_II/src/Capture.py", line 87, in _initialize_camera
    raise CaptureError("Failed to open camera with CV2")
Capture.CaptureError: Failed to open camera with CV2
2025-11-24 15:58:23 - __main__ - [31mERROR[0m - Camera initialization failed: Failed to initialize camera: Failed to open camera with CV2
Traceback (most recent call last):
  File "/usr/lib/python3/dist-packages/picamera2/picamera2.py", line 242, in __init__
    self._open_camera()
  File "/usr/lib/python3/dist-packages/picamera2/picamera2.py", line 446, in _open_camera
    self.camera.acquire()
RuntimeError: Failed to acquire camera: Device or resource busy

During handling of the above exception, another exception occurred:

Traceback (most recent call last):
  File "/home/pi/bitirme/Face Pose Main/face-pose-main/MARK_II/src/Capture.py", line 109, in _initialize_camera
    self.cap = Picamera2()
  File "/usr/lib/python3/dist-packages/picamera2/picamera2.py", line 254, in __init__
    raise RuntimeError("Camera __init__ sequence did not complete.")
RuntimeError: Camera __init__ sequence did not complete.

During handling of the above exception, another exception occurred:

Traceback (most recent call last):
  File "/home/pi/bitirme/Face Pose Main/face-pose-main/MARK_II/src/Capture.py", line 87, in _initialize_camera
    raise CaptureError("Failed to open camera with CV2")
Capture.CaptureError: Failed to open camera with CV2

During handling of the above exception, another exception occurred:

Traceback (most recent call last):
  File "/home/pi/bitirme/Face Pose Main/face-pose-main/MARK_II/src/Capture.py", line 130, in _initialize_camera
    self._initialize_camera()
  File "/home/pi/bitirme/Face Pose Main/face-pose-main/MARK_II/src/Capture.py", line 140, in _initialize_camera
    raise CaptureError(f"Failed to initialize camera: {e}")
Capture.CaptureError: Failed to initialize camera: Failed to open camera with CV2
2025-11-24 15:58:23 - __main__ - [32mINFO[0m - Camera released
2025-11-24 15:58:49 - __main__ - [32mINFO[0m - ================================================================================
2025-11-24 15:58:49 - __main__ - [32mINFO[0m - Face-Controlled Wheelchair System MARK II
2025-11-24 15:58:49 - __main__ - [32mINFO[0m - ================================================================================
2025-11-24 15:58:49 - __main__ - [32mINFO[0m - Initializing camera...
2025-11-24 15:58:49 - __main__ - [32mINFO[0m - Initializing camera (device 0, PICAMERA)
2025-11-24 15:58:49 - __main__ - [31mERROR[0m - picamera2 initialization failed: Camera __init__ sequence did not complete., falling back to CV2
2025-11-24 15:58:49 - __main__ - [32mINFO[0m - Initializing camera (device 0, CV2)
2025-11-24 15:58:49 - __main__ - [31mERROR[0m - Camera initialization failed: Failed to open camera with CV2
Traceback (most recent call last):
  File "/usr/lib/python3/dist-packages/picamera2/picamera2.py", line 242, in __init__
    self._open_camera()
  File "/usr/lib/python3/dist-packages/picamera2/picamera2.py", line 446, in _open_camera
    self.camera.acquire()
RuntimeError: Failed to acquire camera: Device or resource busy

During handling of the above exception, another exception occurred:

Traceback (most recent call last):
  File "/home/pi/bitirme/Face Pose Main/face-pose-main/MARK_II/src/Capture.py", line 109, in _initialize_camera
    self.cap = Picamera2()
  File "/usr/lib/python3/dist-packages/picamera2/picamera2.py", line 254, in __init__
    raise RuntimeError("Camera __init__ sequence did not complete.")
RuntimeError: Camera __init__ sequence did not complete.

During handling of the above exception, another exception occurred:

Traceback (most recent call last):
  File "/home/pi/bitirme/Face Pose Main/face-pose-main/MARK_II/src/Capture.py", line 87, in _initialize_camera
    raise CaptureError("Failed to open camera with CV2")
Capture.CaptureError: Failed to open camera with CV2
2025-11-24 15:58:49 - __main__ - [31mERROR[0m - Camera initialization failed: Failed to initialize camera: Failed to open camera with CV2
Traceback (most recent call last):
  File "/usr/lib/python3/dist-packages/picamera2/picamera2.py", line 242, in __init__
    self._open_camera()
  File "/usr/lib/python3/dist-packages/picamera2/picamera2.py", line 446, in _open_camera
    self.camera.acquire()
RuntimeError: Failed to acquire camera: Device or resource busy

During handling of the above exception, another exception occurred:

Traceback (most recent call last):
  File "/home/pi/bitirme/Face Pose Main/face-pose-main/MARK_II/src/Capture.py", line 109, in _initialize_camera
    self.cap = Picamera2()
  File "/usr/lib/python3/dist-packages/picamera2/picamera2.py", line 254, in __init__
    raise RuntimeError("Camera __init__ sequence did not complete.")
RuntimeError: Camera __init__ sequence did not complete.

During handling of the above exception, another exception occurred:

Traceback (most recent call last):
  File "/home/pi/bitirme/Face Pose Main/face-pose-main/MARK_II/src/Capture.py", line 87, in _initialize_camera
    raise CaptureError("Failed to open camera with CV2")
Capture.CaptureError: Failed to open camera with CV2

During handling of the above exception, another exception occurred:

Traceback (most recent call last):
  File "/home/pi/bitirme/Face Pose Main/face-pose-main/MARK_II/src/Capture.py", line 130, in _initialize_camera
    self._initialize_camera()
  File "/home/pi/bitirme/Face Pose Main/face-pose-main/MARK_II/src/Capture.py", line 140, in _initialize_camera
    raise CaptureError(f"Failed to initialize camera: {e}")
Capture.CaptureError: Failed to initialize camera: Failed to open camera with CV2
2025-11-24 15:58:49 - __main__ - [32mINFO[0m - Camera released
2025-11-24 16:01:41 - __main__ - [32mINFO[0m - Received signal 2, initiating shutdown...
2025-11-24 16:01:41 - __main__ - [32mINFO[0m - Received signal 2, initiating shutdown...
2025-11-24 16:01:49 - __main__ - [32mINFO[0m - Received signal 2, initiating shutdown...
2025-11-24 16:01:49 - __main__ - [32mINFO[0m - Received signal 2, initiating shutdown...
2025-11-24 16:01:49 - __main__ - [32mINFO[0m - Received signal 2, initiating shutdown...
2025-11-24 16:01:49 - __main__ - [32mINFO[0m - Received signal 2, initiating shutdown...
2025-11-24 16:01:50 - __main__ - [32mINFO[0m - Received signal 2, initiating shutdown...
2025-11-24 16:01:50 - __main__ - [32mINFO[0m - Received signal 2, initiating shutdown...
2025-11-24 16:01:50 - __main__ - [32mINFO[0m - Received signal 2, initiating shutdown...
2025-11-24 16:01:50 - __main__ - [32mINFO[0m - Received signal 2, initiating shutdown...
2025-11-24 16:01:50 - __main__ - [32mINFO[0m - Received signal 2, initiating shutdown...
2025-11-24 16:01:50 - __main__ - [32mINFO[0m - Received signal 2, initiating shutdown...
2025-11-24 16:01:50 - __main__ - [32mINFO[0m - Received signal 2, initiating shutdown...
2025-11-24 16:01:50 - __main__ - [32mINFO[0m - Received signal 2, initiating shutdown...
2025-11-24 16:01:51 - __main__ - [32mINFO[0m - Received signal 2, initiating shutdown...
2025-11-24 16:01:51 - __main__ - [32mINFO[0m - Received signal 2, initiating shutdown...
2025-11-24 16:01:51 - __main__ - [32mINFO[0m - Received signal 2, initiating shutdown...
2025-11-24 16:01:51 - __main__ - [32mINFO[0m - Received signal 2, initiating shutdown...
2025-11-24 16:01:51 - __main__ - [32mINFO[0m - Received signal 2, initiating shutdown...
2025-11-24 16:01:51 - __main__ - [32mINFO[0m - Received signal 2, initiating shutdown...
2025-11-24 16:01:51 - __main__ - [32mINFO[0m - Received signal 2, initiating shutdown...
2025-11-24 16:01:51 - __main__ - [32mINFO[0m - Received signal 2, initiating shutdown...
2025-11-24 16:01:51 - __main__ - [32mINFO[0m - Received signal 2, initiating shutdown...
2025-11-24 16:01:51 - __main__ - [32mINFO[0m - Received signal 2, initiating shutdown...
2025-11-24 16:01:51 - __main__ - [32mINFO[0m - Received signal 2, initiating shutdown...
2025-11-24 16:01:51 - __main__ - [32mINFO[0m - Received signal 2, initiating shutdown...
2025-11-24 16:01:52 - __main__ - [32mINFO[0m - Received signal 2, initiating shutdown...
2025-11-24 16:01:52 - __main__ - [32mINFO[0m - Received signal 2, initiating shutdown...
2025-11-24 16:01:52 - __main__ - [32mINFO[0m - Received signal 2, initiating shutdown...
2025-11-24 16:01:52 - __main__ - [32mINFO[0m - Received signal 2, initiating shutdown...
2025-11-24 16:01:52 - __main__ - [32mINFO[0m - Received signal 2, initiating shutdown...
2025-11-24 16:01:52 - __main__ - [32mINFO[0m - Received signal 2, initiating shutdown...
2025-11-24 16:01:52 - __main__ - [32mINFO[0m - Received signal 2, initiating shutdown...
2025-11-24 16:01:52 - __main__ - [32mINFO[0m - Received signal 2, initiating shutdown...
2025-11-24 16:01:52 - __main__ - [32mINFO[0m - Received signal 2, initiating shutdown...
2025-11-24 16:01:52 - __main__ - [32mINFO[0m - Received signal 2, initiating shutdown...
2025-11-24 16:01:52 - __main__ - [32mINFO[0m - Received signal 2, initiating shutdown...
2025-11-24 16:01:52 - __main__ - [32mINFO[0m - Received signal 2, initiating shutdown...
2025-11-24 16:01:53 - __main__ - [32mINFO[0m - Received signal 2, initiating shutdown...
2025-11-24 16:01:53 - __main__ - [32mINFO[0m - Received signal 2, initiating shutdown...
2025-11-24 16:01:53 - __main__ - [32mINFO[0m - Received signal 2, initiating shutdown...
2025-11-24 16:01:53 - __main__ - [32mINFO[0m - Received signal 2, initiating shutdown...
2025-11-24 16:01:53 - __main__ - [32mINFO[0m - Received signal 2, initiating shutdown...
2025-11-24 16:01:53 - __main__ - [32mINFO[0m - Received signal 2, initiating shutdown...
2025-11-24 16:01:53 - __main__ - [32mINFO[0m - Received signal 2, initiating shutdown...
2025-11-24 16:01:53 - __main__ - [32mINFO[0m - Received signal 2, initiating shutdown...
2025-11-24 16:01:53 - __main__ - [32mINFO[0m - Received signal 2, initiating shutdown...
2025-11-24 16:01:53 - __main__ - [32mINFO[0m - Received signal 2, initiating shutdown...
2025-11-24 16:01:53 - __main__ - [32mINFO[0m - Received signal 2, initiating shutdown...
2025-11-24 16:01:53 - __main__ - [32mINFO[0m - Received signal 2, initiating shutdown...
2025-11-24 16:01:54 - __main__ - [32mINFO[0m - Received signal 2, initiating shutdown...
2025-11-24 16:01:54 - __main__ - [32mINFO[0m - Received signal 2, initiating shutdown...
2025-11-24 16:01:54 - __main__ - [32mINFO[0m - Received signal 2, initiating shutdown...
2025-11-24 16:01:54 - __main__ - [32mINFO[0m - Received signal 2, initiating shutdown...
2025-11-24 16:01:54 - __main__ - [32mINFO[0m - Received signal 2, initiating shutdown...
2025-11-24 16:01:54 - __main__ - [32mINFO[0m - Received signal 2, initiating shutdown...
2025-11-24 16:01:54 - __main__ - [32mINFO[0m - Received signal 2, initiating shutdown...
2025-11-24 16:01:54 - __main__ - [32mINFO[0m - Received signal 2, initiating shutdown...
2025-11-24 16:01:54 - __main__ - [32mINFO[0m - Received signal 2, initiating shutdown...
2025-11-24 16:01:54 - __main__ - [32mINFO[0m - Received signal 2, initiating shutdown...
2025-11-24 16:01:55 - __main__ - [32mINFO[0m - Received signal 2, initiating shutdown...
2025-11-24 16:01:55 - __main__ - [32mINFO[0m - Received signal 2, initiating shutdown...
2025-11-24 16:01:55 - __main__ - [32mINFO[0m - Received signal 2, initiating shutdown...
2025-11-24 16:01:55 - __main__ - [32mINFO[0m - Received signal 2, initiating shutdown...
2025-11-24 16:01:55 - __main__ - [32mINFO[0m - Received signal 2, initiating shutdown...
2025-11-24 16:01:55 - __main__ - [32mINFO[0m - Received signal 2, initiating shutdown...
2025-11-24 16:01:56 - __main__ - [32mINFO[0m - Received signal 2, initiating shutdown...
2025-11-24 16:01:56 - __main__ - [32mINFO[0m - Received signal 2, initiating shutdown...
2025-11-24 16:01:56 - __main__ - [32mINFO[0m - Received signal 2, initiating shutdown...
2025-11-24 16:01:56 - __main__ - [32mINFO[0m - Received signal 2, initiating shutdown...
2025-11-24 16:01:56 - __main__ - [32mINFO[0m - Received signal 2, initiating shutdown...
2025-11-24 16:01:56 - __main__ - [32mINFO[0m - Received signal 2, initiating shutdown...
2025-11-24 16:01:56 - __main__ - [32mINFO[0m - Received signal 2, initiating shutdown...
2025-11-24 16:01:56 - __main__ - [32mINFO[0m - Received signal 2, initiating shutdown...
2025-11-24 16:01:57 - __main__ - [32mINFO[0m - Received signal 2, initiating shutdown...
2025-11-24 16:01:57 - __main__ - [32mINFO[0m - Received signal 2, initiating shutdown...
2025-11-24 16:01:57 - __main__ - [32mINFO[0m - Received signal 2, initiating shutdown...
2025-11-24 16:01:57 - __main__ - [32mINFO[0m - Received signal 2, initiating shutdown...
2025-11-24 16:01:57 - __main__ - [32mINFO[0m - Received signal 2, initiating shutdown...
2025-11-24 16:01:57 - __main__ - [32mINFO[0m - Received signal 2, initiating shutdown...
2025-11-24 16:01:57 - __main__ - [32mINFO[0m - Received signal 2, initiating shutdown...
2025-11-24 16:01:57 - __main__ - [32mINFO[0m - Received signal 2, initiating shutdown...
2025-11-24 16:01:58 - __main__ - [32mINFO[0m - Received signal 2, initiating shutdown...
2025-11-24 16:01:58 - __main__ - [32mINFO[0m - Received signal 2, initiating shutdown...
2025-11-24 16:01:58 - __main__ - [32mINFO[0m - Received signal 2, initiating shutdown...
2025-11-24 16:01:58 - __main__ - [32mINFO[0m - Received signal 2, initiating shutdown...
2025-11-24 16:01:58 - __main__ - [32mINFO[0m - Received signal 2, initiating shutdown...
2025-11-24 16:01:58 - __main__ - [32mINFO[0m - Received signal 2, initiating shutdown...
2025-11-24 16:01:58 - __main__ - [32mINFO[0m - Received signal 2, initiating shutdown...
2025-11-24 16:01:58 - __main__ - [32mINFO[0m - Received signal 2, initiating shutdown...
2025-11-24 16:01:59 - __main__ - [32mINFO[0m - Received signal 2, initiating shutdown...
2025-11-24 16:01:59 - __main__ - [32mINFO[0m - Received signal 2, initiating shutdown...
2025-11-24 16:01:59 - __main__ - [32mINFO[0m - Received signal 2, initiating shutdown...
2025-11-24 16:01:59 - __main__ - [32mINFO[0m - Received signal 2, initiating shutdown...
2025-11-24 16:01:59 - __main__ - [32mINFO[0m - Received signal 2, initiating shutdown...
2025-11-24 16:01:59 - __main__ - [32mINFO[0m - Received signal 2, initiating shutdown...
2025-11-24 16:01:59 - __main__ - [32mINFO[0m - Received signal 2, initiating shutdown...
2025-11-24 16:01:59 - __main__ - [32mINFO[0m - Received signal 2, initiating shutdown...
2025-11-24 16:01:59 - __main__ - [32mINFO[0m - Received signal 2, initiating shutdown...
2025-11-24 16:01:59 - __main__ - [32mINFO[0m - Received signal 2, initiating shutdown...
2025-11-24 16:01:59 - __main__ - [32mINFO[0m - Received signal 2, initiating shutdown...
2025-11-24 16:01:59 - __main__ - [32mINFO[0m - Received signal 2, initiating shutdown...
2025-11-24 16:01:59 - __main__ - [32mINFO[0m - Received signal 2, initiating shutdown...
2025-11-24 16:01:59 - __main__ - [32mINFO[0m - Received signal 2, initiating shutdown...
2025-11-24 16:01:59 - __main__ - [32mINFO[0m - Received signal 2, initiating shutdown...
2025-11-24 16:01:59 - __main__ - [32mINFO[0m - Received signal 2, initiating shutdown...
2025-11-24 16:01:59 - __main__ - [32mINFO[0m - Received signal 2, initiating shutdown...
2025-11-24 16:01:59 - __main__ - [32mINFO[0m - Received signal 2, initiating shutdown...
2025-11-24 16:01:59 - __main__ - [32mINFO[0m - Received signal 2, initiating shutdown...
2025-11-24 16:01:59 - __main__ - [32mINFO[0m - Received signal 2, initiating shutdown...
2025-11-24 16:01:59 - __main__ - [32mINFO[0m - Received signal 2, initiating shutdown...
2025-11-24 16:01:59 - __main__ - [32mINFO[0m - Received signal 2, initiating shutdown...
2025-11-24 16:01:59 - __main__ - [32mINFO[0m - Received signal 2, initiating shutdown...
2025-11-24 16:01:59 - __main__ - [32mINFO[0m - Received signal 2, initiating shutdown...
2025-11-24 16:01:59 - __main__ - [32mINFO[0m - Received signal 2, initiating shutdown...
2025-11-24 16:01:59 - __main__ - [32mINFO[0m - Received signal 2, initiating shutdown...
2025-11-24 16:01:59 - __main__ - [32mINFO[0m - Received signal 2, initiating shutdown...
2025-11-24 16:01:59 - __main__ - [32mINFO[0m - Received signal 2, initiating shutdown...
2025-11-24 16:01:59 - __main__ - [32mINFO[0m - Received signal 2, initiating shutdown...
2025-11-24 16:01:59 - __main__ - [32mINFO[0m - Received signal 2, initiating shutdown...
2025-11-24 16:02:00 - __main__ - [32mINFO[0m - Received signal 2, initiating shutdown...
2025-11-24 16:02:00 - __main__ - [32mINFO[0m - Received signal 2, initiating shutdown...
2025-11-24 16:02:00 - __main__ - [32mINFO[0m - Received signal 2, initiating shutdown...
2025-11-24 16:02:00 - __main__ - [32mINFO[0m - Received signal 2, initiating shutdown...
2025-11-24 16:02:00 - __main__ - [32mINFO[0m - Received signal 2, initiating shutdown...
2025-11-24 16:02:00 - __main__ - [32mINFO[0m - Received signal 2, initiating shutdown...
2025-11-24 16:02:00 - __main__ - [32mINFO[0m - Received signal 2, initiating shutdown...
2025-11-24 16:02:00 - __main__ - [32mINFO[0m - Received signal 2, initiating shutdown...
2025-11-24 16:02:00 - __main__ - [32mINFO[0m - Received signal 2, initiating shutdown...
2025-11-24 16:02:00 - __main__ - [32mINFO[0m - Received signal 2, initiating shutdown...
2025-11-24 16:02:00 - __main__ - [32mINFO[0m - Received signal 2, initiating shutdown...
2025-11-24 16:02:00 - __main__ - [32mINFO[0m - Received signal 2, initiating shutdown...
2025-11-24 16:02:00 - __main__ - [32mINFO[0m - Received signal 2, initiating shutdown...
2025-11-24 16:02:00 - __main__ - [32mINFO[0m - Received signal 2, initiating shutdown...
2025-11-24 16:02:00 - __main__ - [32mINFO[0m - Received signal 2, initiating shutdown...
2025-11-24 16:02:00 - __main__ - [32mINFO[0m - Received signal 2, initiating shutdown...
2025-11-24 16:02:00 - __main__ - [32mINFO[0m - Received signal 2, initiating shutdown...
2025-11-24 16:02:00 - __main__ - [32mINFO[0m - Received signal 2, initiating shutdown...
2025-11-24 16:02:00 - __main__ - [32mINFO[0m - Received signal 2, initiating shutdown...
2025-11-24 16:02:00 - __main__ - [32mINFO[0m - Received signal 2, initiating shutdown...
2025-11-24 16:02:00 - __main__ - [32mINFO[0m - Received signal 2, initiating shutdown...
2025-11-24 16:02:00 - __main__ - [32mINFO[0m - Received signal 2, initiating shutdown...
2025-11-24 16:02:00 - __main__ - [32mINFO[0m - Received signal 2, initiating shutdown...
2025-11-24 16:02:00 - __main__ - [32mINFO[0m - Received signal 2, initiating shutdown...
2025-11-24 16:02:00 - __main__ - [32mINFO[0m - Received signal 2, initiating shutdown...
2025-11-24 16:02:00 - __main__ - [32mINFO[0m - Received signal 2, initiating shutdown...
2025-11-24 16:02:00 - __main__ - [32mINFO[0m - Received signal 2, initiating shutdown...
2025-11-24 16:02:00 - __main__ - [32mINFO[0m - Received signal 2, initiating shutdown...
2025-11-24 16:02:00 - __main__ - [32mINFO[0m - Received signal 2, initiating shutdown...
2025-11-24 16:02:00 - __main__ - [32mINFO[0m - Received signal 2, initiating shutdown...
2025-11-24 16:02:00 - __main__ - [32mINFO[0m - Received signal 2, initiating shutdown...
2025-11-24 16:02:00 - __main__ - [32mINFO[0m - Received signal 2, initiating shutdown...
2025-11-24 16:02:00 - __main__ - [32mINFO[0m - Received signal 2, initiating shutdown...
2025-11-24 16:02:00 - __main__ - [32mINFO[0m - Received signal 2, initiating shutdown...
2025-11-24 16:02:00 - __main__ - [32mINFO[0m - Received signal 2, initiating shutdown...
2025-11-24 16:02:00 - __main__ - [32mINFO[0m - Received signal 2, initiating shutdown...
2025-11-24 16:02:00 - __main__ - [32mINFO[0m - Received signal 2, initiating shutdown...
2025-11-24 16:02:00 - __main__ - [32mINFO[0m - Received signal 2, initiating shutdown...
2025-11-24 16:02:00 - __main__ - [32mINFO[0m - Received signal 2, initiating shutdown...
2025-11-24 16:02:00 - __main__ - [32mINFO[0m - Received signal 2, initiating shutdown...
2025-11-24 16:02:00 - __main__ - [32mINFO[0m - Received signal 2, initiating shutdown...
2025-11-24 16:02:00 - __main__ - [32mINFO[0m - Received signal 2, initiating shutdown...
2025-11-24 16:02:00 - __main__ - [32mINFO[0m - Received signal 2, initiating shutdown...
2025-11-24 16:02:00 - __main__ - [32mINFO[0m - Received signal 2, initiating shutdown...
2025-11-24 16:02:00 - __main__ - [32mINFO[0m - Received signal 2, initiating shutdown...
2025-11-24 16:02:00 - __main__ - [32mINFO[0m - Received signal 2, initiating shutdown...
2025-11-24 16:02:00 - __main__ - [32mINFO[0m - Received signal 2, initiating shutdown...
2025-11-24 16:02:00 - __main__ - [32mINFO[0m - Received signal 2, initiating shutdown...
2025-11-24 16:02:00 - __main__ - [32mINFO[0m - Received signal 2, initiating shutdown...
2025-11-24 16:02:00 - __main__ - [32mINFO[0m - Received signal 2, initiating shutdown...
2025-11-24 16:02:01 - __main__ - [32mINFO[0m - Received signal 2, initiating shutdown...
2025-11-24 16:02:01 - __main__ - [32mINFO[0m - Received signal 2, initiating shutdown...
2025-11-24 16:02:01 - __main__ - [32mINFO[0m - Received signal 2, initiating shutdown...
2025-11-24 16:02:01 - __main__ - [32mINFO[0m - Received signal 2, initiating shutdown...
2025-11-24 16:02:01 - __main__ - [32mINFO[0m - Received signal 2, initiating shutdown...
2025-11-24 16:02:01 - __main__ - [32mINFO[0m - Received signal 2, initiating shutdown...
2025-11-24 16:02:01 - __main__ - [32mINFO[0m - Received signal 2, initiating shutdown...
2025-11-24 16:02:01 - __main__ - [32mINFO[0m - Received signal 2, initiating shutdown...
2025-11-24 16:02:01 - __main__ - [32mINFO[0m - Received signal 2, initiating shutdown...
2025-11-24 16:02:01 - __main__ - [32mINFO[0m - Received signal 2, initiating shutdown...
2025-11-24 16:02:01 - __main__ - [32mINFO[0m - Received signal 2, initiating shutdown...
2025-11-24 16:02:01 - __main__ - [32mINFO[0m - Received signal 2, initiating shutdown...
2025-11-24 16:02:01 - __main__ - [32mINFO[0m - Received signal 2, initiating shutdown...
2025-11-24 16:02:01 - __main__ - [32mINFO[0m - Received signal 2, initiating shutdown...
2025-11-24 16:02:01 - __main__ - [32mINFO[0m - Received signal 2, initiating shutdown...
2025-11-24 16:02:01 - __main__ - [32mINFO[0m - Received signal 2, initiating shutdown...
2025-11-24 16:02:01 - __main__ - [32mINFO[0m - Received signal 2, initiating shutdown...
2025-11-24 16:02:01 - __main__ - [32mINFO[0m - Received signal 2, initiating shutdown...
2025-11-24 16:02:01 - __main__ - [32mINFO[0m - Received signal 2, initiating shutdown...
2025-11-24 16:02:01 - __main__ - [32mINFO[0m - Received signal 2, initiating shutdown...
2025-11-24 16:02:01 - __main__ - [32mINFO[0m - Received signal 2, initiating shutdown...
2025-11-24 16:02:01 - __main__ - [32mINFO[0m - Received signal 2, initiating shutdown...
2025-11-24 16:02:01 - __main__ - [32mINFO[0m - Received signal 2, initiating shutdown...
2025-11-24 16:02:01 - __main__ - [32mINFO[0m - Received signal 2, initiating shutdown...
2025-11-24 16:02:01 - __main__ - [32mINFO[0m - Received signal 2, initiating shutdown...
2025-11-24 16:02:01 - __main__ - [32mINFO[0m - Received signal 2, initiating shutdown...
2025-11-24 16:02:01 - __main__ - [32mINFO[0m - Received signal 2, initiating shutdown...
2025-11-24 16:02:01 - __main__ - [32mINFO[0m - Received signal 2, initiating shutdown...
2025-11-24 16:02:01 - __main__ - [32mINFO[0m - Received signal 2, initiating shutdown...
2025-11-24 16:02:01 - __main__ - [32mINFO[0m - Received signal 2, initiating shutdown...
2025-11-24 16:02:01 - __main__ - [32mINFO[0m - Received signal 2, initiating shutdown...
2025-11-24 16:02:01 - __main__ - [32mINFO[0m - Received signal 2, initiating shutdown...
2025-11-24 16:02:01 - __main__ - [32mINFO[0m - Received signal 2, initiating shutdown...
2025-11-24 16:02:01 - __main__ - [32mINFO[0m - Received signal 2, initiating shutdown...
2025-11-24 16:02:01 - __main__ - [32mINFO[0m - Received signal 2, initiating shutdown...
2025-11-24 16:02:01 - __main__ - [32mINFO[0m - Received signal 2, initiating shutdown...
2025-11-24 16:02:01 - __main__ - [32mINFO[0m - Received signal 2, initiating shutdown...
2025-11-24 16:02:01 - __main__ - [32mINFO[0m - Received signal 2, initiating shutdown...
2025-11-24 16:02:01 - __main__ - [32mINFO[0m - Received signal 2, initiating shutdown...
2025-11-24 16:02:01 - __main__ - [32mINFO[0m - Received signal 2, initiating shutdown...
2025-11-24 16:02:01 - __main__ - [32mINFO[0m - Received signal 2, initiating shutdown...
2025-11-24 16:02:01 - __main__ - [32mINFO[0m - Received signal 2, initiating shutdown...
2025-11-24 16:02:01 - __main__ - [32mINFO[0m - Received signal 2, initiating shutdown...
2025-11-24 16:02:01 - __main__ - [32mINFO[0m - Received signal 2, initiating shutdown...
2025-11-24 16:02:01 - __main__ - [32mINFO[0m - Received signal 2, initiating shutdown...
2025-11-24 16:02:01 - __main__ - [32mINFO[0m - Received signal 2, initiating shutdown...
2025-11-24 16:02:01 - __main__ - [32mINFO[0m - Received signal 2, initiating shutdown...
2025-11-24 16:02:01 - __main__ - [32mINFO[0m - Received signal 2, initiating shutdown...
2025-11-24 16:02:02 - __main__ - [32mINFO[0m - Received signal 2, initiating shutdown...
2025-11-24 16:02:02 - __main__ - [32mINFO[0m - Received signal 2, initiating shutdown...
2025-11-24 16:02:02 - __main__ - [32mINFO[0m - Received signal 2, initiating shutdown...
2025-11-24 16:02:02 - __main__ - [32mINFO[0m - Received signal 2, initiating shutdown...
2025-11-24 16:02:02 - __main__ - [32mINFO[0m - Received signal 2, initiating shutdown...
2025-11-24 16:02:02 - __main__ - [32mINFO[0m - Received signal 2, initiating shutdown...
